// Jest Snapshot v1, https://goo.gl/fbAQLP

exports[`Pruebas de imagenes Debe mostar el componente del titulo perzonalizado 1`] = `
<div
  className=" productCard undefined "
  id="2"
>
  <img
    alt="Coffe mug"
    className="productImg undefined"
    src="./coffee-mug.png"
  />
</div>
`;
